// Jest Snapshot v1, https://goo.gl/fbAQLP

exports[`Tokenizer can tokenize with regular expression matching 1`] = `
Array [
  Object {
    "match": "bc",
    "name": "Name",
    "pattern": /\\\\w\\+/,
  },
  Object {
    "match": "+",
    "name": "+",
    "pattern": /\\\\\\+/,
  },
  Object {
    "match": "dsf",
    "name": "Name",
    "pattern": /\\\\w\\+/,
  },
  Object {
    "match": "-",
    "name": "-",
    "pattern": /\\\\-/,
  },
  Object {
    "match": "fasdas",
    "name": "Name",
    "pattern": /\\\\w\\+/,
  },
  Object {
    "match": "// the comment + - dasdas",
    "name": "Comment",
    "pattern": /\\\\/\\\\/\\.\\*\\$/,
  },
]
`;

exports[`Tokenizer can tokenize with simple string matching 1`] = `
Array [
  Object {
    "match": "(",
    "name": "(",
    "pattern": /\\\\\\(/,
  },
  Object {
    "match": "+",
    "name": "+",
    "pattern": /\\\\\\+/,
  },
  Object {
    "match": ")",
    "name": ")",
    "pattern": /\\\\\\)/,
  },
  Object {
    "match": "/",
    "name": "/",
    "pattern": /\\\\//,
  },
  Object {
    "match": "(",
    "name": "(",
    "pattern": /\\\\\\(/,
  },
  Object {
    "match": "*",
    "name": "*",
    "pattern": /\\\\\\*/,
  },
  Object {
    "match": ")",
    "name": ")",
    "pattern": /\\\\\\)/,
  },
  Object {
    "match": "-",
    "name": "-",
    "pattern": /\\\\-/,
  },
  Object {
    "match": "(",
    "name": "(",
    "pattern": /\\\\\\(/,
  },
  Object {
    "match": "+",
    "name": "+",
    "pattern": /\\\\\\+/,
  },
  Object {
    "match": ")",
    "name": ")",
    "pattern": /\\\\\\)/,
  },
]
`;
